C:/Users/jdfm0/OneDrive/Desktop/sem 2/COMPSYS704/Project_2/COMSYS704_2022/COMSYS704_2022/Projects/STM32L476JG-SensorTile/Applications/ALLMEMS1/Src/sensor_service.c:308:13:GAP_ConnectionComplete_CB	0	static
C:/Users/jdfm0/OneDrive/Desktop/sem 2/COMPSYS704/Project_2/COMSYS704_2022/COMSYS704_2022/Projects/STM32L476JG-SensorTile/Applications/ALLMEMS1/Src/sensor_service.c:399:13:AccGyroMag_AttributeModified_CB	264	static
C:/Users/jdfm0/OneDrive/Desktop/sem 2/COMPSYS704/Project_2/COMSYS704_2022/COMSYS704_2022/Projects/STM32L476JG-SensorTile/Applications/ALLMEMS1/Src/sensor_service.c:328:13:GAP_DisconnectionComplete_CB	272	static
C:/Users/jdfm0/OneDrive/Desktop/sem 2/COMPSYS704/Project_2/COMSYS704_2022/COMSYS704_2022/Projects/STM32L476JG-SensorTile/Applications/ALLMEMS1/Src/sensor_service.c:92:12:safe_aci_gatt_update_char_value	16	static
C:/Users/jdfm0/OneDrive/Desktop/sem 2/COMPSYS704/Project_2/COMSYS704_2022/COMSYS704_2022/Projects/STM32L476JG-SensorTile/Applications/ALLMEMS1/Src/sensor_service.c:124:12:Add_HW_SW_ServW2ST_Service	312	static
C:/Users/jdfm0/OneDrive/Desktop/sem 2/COMPSYS704/Project_2/COMSYS704_2022/COMSYS704_2022/Projects/STM32L476JG-SensorTile/Applications/ALLMEMS1/Src/sensor_service.c:181:12:AccGyroMag_Update	304	static
C:/Users/jdfm0/OneDrive/Desktop/sem 2/COMPSYS704/Project_2/COMSYS704_2022/COMSYS704_2022/Projects/STM32L476JG-SensorTile/Applications/ALLMEMS1/Src/sensor_service.c:231:6:setConnectable	88	static
C:/Users/jdfm0/OneDrive/Desktop/sem 2/COMPSYS704/Project_2/COMSYS704_2022/COMSYS704_2022/Projects/STM32L476JG-SensorTile/Applications/ALLMEMS1/Src/sensor_service.c:364:6:Read_Request_CB	8	static
C:/Users/jdfm0/OneDrive/Desktop/sem 2/COMPSYS704/Project_2/COMSYS704_2022/COMSYS704_2022/Projects/STM32L476JG-SensorTile/Applications/ALLMEMS1/Src/sensor_service.c:380:6:Attribute_Modified_CB	8	static
C:/Users/jdfm0/OneDrive/Desktop/sem 2/COMPSYS704/Project_2/COMSYS704_2022/COMSYS704_2022/Projects/STM32L476JG-SensorTile/Applications/ALLMEMS1/Src/sensor_service.c:441:6:HCI_Event_CB	272	static
