C:/Users/jdfm0/OneDrive/Desktop/sem 2/COMPSYS704/Project_2/COMSYS704_2022/COMSYS704_2022/Projects/STM32L476JG-SensorTile/Applications/ALLMEMS1/Src/usbd_cdc_interface.c:121:15:CDC_Itf_DeInit	0	static
C:/Users/jdfm0/OneDrive/Desktop/sem 2/COMPSYS704/Project_2/COMSYS704_2022/COMSYS704_2022/Projects/STM32L476JG-SensorTile/Applications/ALLMEMS1/Src/usbd_cdc_interface.c:135:15:CDC_Itf_Control	0	static
C:/Users/jdfm0/OneDrive/Desktop/sem 2/COMPSYS704/Project_2/COMSYS704_2022/COMSYS704_2022/Projects/STM32L476JG-SensorTile/Applications/ALLMEMS1/Src/usbd_cdc_interface.c:258:15:CDC_Itf_Receive	0	static
C:/Users/jdfm0/OneDrive/Desktop/sem 2/COMPSYS704/Project_2/COMSYS704_2022/COMSYS704_2022/Projects/STM32L476JG-SensorTile/Applications/ALLMEMS1/Src/usbd_cdc_interface.c:292:13:CDC_TIM_Config	8	static
C:/Users/jdfm0/OneDrive/Desktop/sem 2/COMPSYS704/Project_2/COMSYS704_2022/COMSYS704_2022/Projects/STM32L476JG-SensorTile/Applications/ALLMEMS1/Src/usbd_cdc_interface.c:85:15:CDC_Itf_Init	24	static
C:/Users/jdfm0/OneDrive/Desktop/sem 2/COMPSYS704/Project_2/COMSYS704_2022/COMSYS704_2022/Projects/STM32L476JG-SensorTile/Applications/ALLMEMS1/Src/usbd_cdc_interface.c:201:9:CDC_Fill_Buffer	12	static
C:/Users/jdfm0/OneDrive/Desktop/sem 2/COMPSYS704/Project_2/COMSYS704_2022/COMSYS704_2022/Projects/STM32L476JG-SensorTile/Applications/ALLMEMS1/Src/usbd_cdc_interface.c:218:6:CDC_TIM_PeriodElapsedCallback	16	static
