C:/Users/jdfm0/OneDrive/Desktop/sem 2/COMPSYS704/Project_2/COMSYS704_2022/COMSYS704_2022/Drivers/BSP/SensorTile/SensorTile_bus.c:418:13:SPI2_MspInit	40	static
C:/Users/jdfm0/OneDrive/Desktop/sem 2/COMPSYS704/Project_2/COMSYS704_2022/COMSYS704_2022/Drivers/BSP/SensorTile/SensorTile_bus.c:336:13:SPI1_MspInit	40	static
C:/Users/jdfm0/OneDrive/Desktop/sem 2/COMPSYS704/Project_2/COMSYS704_2022/COMSYS704_2022/Drivers/BSP/SensorTile/SensorTile_bus.c:444:13:SPI2_MspDeInit	8	static
C:/Users/jdfm0/OneDrive/Desktop/sem 2/COMPSYS704/Project_2/COMSYS704_2022/COMSYS704_2022/Drivers/BSP/SensorTile/SensorTile_bus.c:364:13:SPI1_MspDeInit	8	static
C:/Users/jdfm0/OneDrive/Desktop/sem 2/COMPSYS704/Project_2/COMSYS704_2022/COMSYS704_2022/Drivers/BSP/SensorTile/SensorTile_bus.c:127:9:BSP_SPI2_DeInit	8	static
C:/Users/jdfm0/OneDrive/Desktop/sem 2/COMPSYS704/Project_2/COMSYS704_2022/COMSYS704_2022/Drivers/BSP/SensorTile/SensorTile_bus.c:147:9:BSP_SPI2_Send	8	static
C:/Users/jdfm0/OneDrive/Desktop/sem 2/COMPSYS704/Project_2/COMSYS704_2022/COMSYS704_2022/Drivers/BSP/SensorTile/SensorTile_bus.c:164:10:BSP_SPI2_Recv	8	static
C:/Users/jdfm0/OneDrive/Desktop/sem 2/COMPSYS704/Project_2/COMSYS704_2022/COMSYS704_2022/Drivers/BSP/SensorTile/SensorTile_bus.c:181:9:BSP_SPI2_SendRecv	16	static
C:/Users/jdfm0/OneDrive/Desktop/sem 2/COMPSYS704/Project_2/COMSYS704_2022/COMSYS704_2022/Drivers/BSP/SensorTile/SensorTile_bus.c:233:9:BSP_SPI1_DeInit	8	static
C:/Users/jdfm0/OneDrive/Desktop/sem 2/COMPSYS704/Project_2/COMSYS704_2022/COMSYS704_2022/Drivers/BSP/SensorTile/SensorTile_bus.c:253:9:BSP_SPI1_Send	8	static
C:/Users/jdfm0/OneDrive/Desktop/sem 2/COMPSYS704/Project_2/COMSYS704_2022/COMSYS704_2022/Drivers/BSP/SensorTile/SensorTile_bus.c:270:10:BSP_SPI1_Recv	8	static
C:/Users/jdfm0/OneDrive/Desktop/sem 2/COMPSYS704/Project_2/COMSYS704_2022/COMSYS704_2022/Drivers/BSP/SensorTile/SensorTile_bus.c:287:9:BSP_SPI1_SendRecv	16	static
C:/Users/jdfm0/OneDrive/Desktop/sem 2/COMPSYS704/Project_2/COMSYS704_2022/COMSYS704_2022/Drivers/BSP/SensorTile/SensorTile_bus.c:304:9:BSP_GetTick	8	static
C:/Users/jdfm0/OneDrive/Desktop/sem 2/COMPSYS704/Project_2/COMSYS704_2022/COMSYS704_2022/Drivers/BSP/SensorTile/SensorTile_bus.c:311:26:MX_SPI1_Init	8	static
C:/Users/jdfm0/OneDrive/Desktop/sem 2/COMPSYS704/Project_2/COMSYS704_2022/COMSYS704_2022/Drivers/BSP/SensorTile/SensorTile_bus.c:199:9:BSP_SPI1_Init	8	static
C:/Users/jdfm0/OneDrive/Desktop/sem 2/COMPSYS704/Project_2/COMSYS704_2022/COMSYS704_2022/Drivers/BSP/SensorTile/SensorTile_bus.c:386:26:MX_SPI2_Init	16	static
C:/Users/jdfm0/OneDrive/Desktop/sem 2/COMPSYS704/Project_2/COMSYS704_2022/COMSYS704_2022/Drivers/BSP/SensorTile/SensorTile_bus.c:93:9:BSP_SPI2_Init	8	static
