C:/Users/jdfm0/OneDrive/Desktop/sem 2/COMPSYS704/Project_2/COMSYS704_2022/COMSYS704_2022/Drivers/BSP/SensorTile/SensorTile.c:99:10:BSP_GetVersion	0	static
C:/Users/jdfm0/OneDrive/Desktop/sem 2/COMPSYS704/Project_2/COMSYS704_2022/COMSYS704_2022/Drivers/BSP/SensorTile/SensorTile.c:112:6:BSP_LED_Init	40	static
C:/Users/jdfm0/OneDrive/Desktop/sem 2/COMPSYS704/Project_2/COMSYS704_2022/COMSYS704_2022/Drivers/BSP/SensorTile/SensorTile.c:144:6:BSP_LED_DeInit	0	static
C:/Users/jdfm0/OneDrive/Desktop/sem 2/COMPSYS704/Project_2/COMSYS704_2022/COMSYS704_2022/Drivers/BSP/SensorTile/SensorTile.c:159:6:BSP_LED_On	8	static
C:/Users/jdfm0/OneDrive/Desktop/sem 2/COMPSYS704/Project_2/COMSYS704_2022/COMSYS704_2022/Drivers/BSP/SensorTile/SensorTile.c:181:6:BSP_LED_Off	8	static
C:/Users/jdfm0/OneDrive/Desktop/sem 2/COMPSYS704/Project_2/COMSYS704_2022/COMSYS704_2022/Drivers/BSP/SensorTile/SensorTile.c:203:6:BSP_LED_Toggle	8	static
