SensorTile_env_sensors.c:723:6:LPS22HB_SPI_Read_nBytes	4	static,ignoring_inline_asm
SensorTile_env_sensors.c:764:6:LPS22HB_SPI_Read	0	static,ignoring_inline_asm
SensorTile_env_sensors.c:790:6:LPS22HB_SPI_Write	0	static
SensorTile_env_sensors.c:428:16:HTS221_0_Probe	64	static
SensorTile_env_sensors.c:508:16:LPS22HB_0_Probe	72	static
SensorTile_env_sensors.c:688:16:BSP_LPS22HB_ReadReg	24	static
SensorTile_env_sensors.c:656:16:BSP_LPS22HB_WriteReg	24	static
SensorTile_env_sensors.c:636:16:BSP_LPS22HB_DeInit	8	static
SensorTile_env_sensors.c:608:16:BSP_LPS22HB_Init	40	static
SensorTile_env_sensors.c:63:9:BSP_ENV_SENSOR_Init	40	static
SensorTile_env_sensors.c:151:9:BSP_ENV_SENSOR_DeInit	8	static
SensorTile_env_sensors.c:177:9:BSP_ENV_SENSOR_GetCapabilities	8	static
SensorTile_env_sensors.c:203:9:BSP_ENV_SENSOR_ReadID	8	static
SensorTile_env_sensors.c:232:9:BSP_ENV_SENSOR_Enable	8	static
SensorTile_env_sensors.c:271:9:BSP_ENV_SENSOR_Disable	8	static
SensorTile_env_sensors.c:311:9:BSP_ENV_SENSOR_GetOutputDataRate	8	static
SensorTile_env_sensors.c:351:9:BSP_ENV_SENSOR_SetOutputDataRate	8	static
SensorTile_env_sensors.c:391:9:BSP_ENV_SENSOR_GetValue	8	static
