SensorTile_motion_sensors.c:815:6:LSM6DSM_SPI_Read_nBytes	4	static,ignoring_inline_asm
SensorTile_motion_sensors.c:856:6:LSM6DSM_SPI_Read	0	static,ignoring_inline_asm
SensorTile_motion_sensors.c:882:6:LSM6DSM_SPI_Write	0	static
SensorTile_motion_sensors.c:1147:6:LSM303AGR_SPI_Read_nBytes	4	static,ignoring_inline_asm
SensorTile_motion_sensors.c:1188:6:LSM303AGR_SPI_Read	0	static,ignoring_inline_asm
SensorTile_motion_sensors.c:1214:6:LSM303AGR_SPI_Write	0	static
SensorTile_motion_sensors.c:625:16:LSM6DSM_0_Probe	80	static
SensorTile_motion_sensors.c:780:16:BSP_LSM6DSM_ReadReg	24	static
SensorTile_motion_sensors.c:1113:16:BSP_LSM303AGR_ReadReg	24	static
SensorTile_motion_sensors.c:748:16:BSP_LSM6DSM_WriteReg	24	static
SensorTile_motion_sensors.c:1081:16:BSP_LSM303AGR_WriteReg	24	static
SensorTile_motion_sensors.c:728:16:BSP_LSM6DSM_DeInit	8	static
SensorTile_motion_sensors.c:1060:16:BSP_LSM303AGR_DeInit	8	static
SensorTile_motion_sensors.c:700:16:BSP_LSM6DSM_Init	40	static
SensorTile_motion_sensors.c:1030:16:BSP_LSM303AGR_Init	56	static
SensorTile_motion_sensors.c:971:16:LSM303AGR_MAG_0_Probe	88	static
SensorTile_motion_sensors.c:75:9:BSP_MOTION_SENSOR_Init	56	static
SensorTile_motion_sensors.c:187:9:BSP_MOTION_SENSOR_DeInit	8	static
SensorTile_motion_sensors.c:213:9:BSP_MOTION_SENSOR_GetCapabilities	8	static
SensorTile_motion_sensors.c:239:9:BSP_MOTION_SENSOR_ReadID	8	static
SensorTile_motion_sensors.c:268:9:BSP_MOTION_SENSOR_Enable	8	static
SensorTile_motion_sensors.c:307:9:BSP_MOTION_SENSOR_Disable	8	static
SensorTile_motion_sensors.c:347:9:BSP_MOTION_SENSOR_GetAxes	8	static
SensorTile_motion_sensors.c:387:9:BSP_MOTION_SENSOR_GetAxesRaw	8	static
SensorTile_motion_sensors.c:427:9:BSP_MOTION_SENSOR_GetSensitivity	8	static
SensorTile_motion_sensors.c:468:9:BSP_MOTION_SENSOR_GetOutputDataRate	8	static
SensorTile_motion_sensors.c:508:9:BSP_MOTION_SENSOR_GetFullScale	8	static
SensorTile_motion_sensors.c:548:9:BSP_MOTION_SENSOR_SetOutputDataRate	8	static
SensorTile_motion_sensors.c:588:9:BSP_MOTION_SENSOR_SetFullScale	8	static
