SensorTile_audio.c:2163:13:SAI_InitMXConfigStruct	0	static
SensorTile_audio.c:2279:13:DFSDM_ChannelMspInit	40	static
SensorTile_audio.c:2184:13:SAI_MspInit	48	static
SensorTile_audio.c:2332:13:DFSDM_FilterMspInit	24	static
SensorTile_audio.c:2120:16:PCM1774_Probe	40	static
SensorTile_audio.c:2242:13:SAI_MspDeInit	8	static
SensorTile_audio.c:2312:13:DFSDM_ChannelMspDeInit	8	static
SensorTile_audio.c:241:9:BSP_AUDIO_OUT_DeInit	16	static
SensorTile_audio.c:279:26:MX_SAI1_Block_A_Init	8	static
SensorTile_audio.c:331:26:MX_SAI1_ClockConfig	144	static
SensorTile_audio.c:168:9:BSP_AUDIO_OUT_Init	64	static
SensorTile_audio.c:368:9:BSP_AUDIO_OUT_Play	8	static
SensorTile_audio.c:406:9:BSP_AUDIO_OUT_Pause	8	static
SensorTile_audio.c:441:9:BSP_AUDIO_OUT_Resume	8	static
SensorTile_audio.c:473:9:BSP_AUDIO_OUT_Stop	16	static
SensorTile_audio.c:518:9:BSP_AUDIO_OUT_SetVolume	16	static
SensorTile_audio.c:556:9:BSP_AUDIO_OUT_GetVolume	0	static
SensorTile_audio.c:577:9:BSP_AUDIO_OUT_Mute	8	static
SensorTile_audio.c:607:9:BSP_AUDIO_OUT_UnMute	8	static
SensorTile_audio.c:638:9:BSP_AUDIO_OUT_IsMute	0	static
SensorTile_audio.c:661:9:BSP_AUDIO_OUT_SetDevice	64	static
SensorTile_audio.c:707:9:BSP_AUDIO_OUT_GetDevice	0	static
SensorTile_audio.c:732:9:BSP_AUDIO_OUT_SetSampleRate	64	static
SensorTile_audio.c:788:9:BSP_AUDIO_OUT_GetSampleRate	0	static
SensorTile_audio.c:811:9:BSP_AUDIO_OUT_SetBitsPerSample	0	static
SensorTile_audio.c:841:9:BSP_AUDIO_OUT_GetBitsPerSample	0	static
SensorTile_audio.c:865:9:BSP_AUDIO_OUT_SetChannelsNbr	0	static
SensorTile_audio.c:901:9:BSP_AUDIO_OUT_GetChannelsNbr	0	static
SensorTile_audio.c:925:9:BSP_AUDIO_OUT_GetState	0	static
SensorTile_audio.c:993:13:BSP_AUDIO_OUT_TransferComplete_CallBack	0	static
SensorTile_audio.c:949:6:HAL_SAI_TxCpltCallback	8	static
SensorTile_audio.c:1004:13:BSP_AUDIO_OUT_HalfTransfer_CallBack	0	static
SensorTile_audio.c:964:6:HAL_SAI_TxHalfCpltCallback	8	static
SensorTile_audio.c:1015:13:BSP_AUDIO_OUT_Error_CallBack	0	static
SensorTile_audio.c:979:6:HAL_SAI_ErrorCallback	8	static
SensorTile_audio.c:1114:16:BSP_AUDIO_IN_DeInit	16	static
SensorTile_audio.c:1168:26:MX_DFSDM1_ClockConfig	144	static
SensorTile_audio.c:1239:26:MX_DFSDM1_Init	24	static
SensorTile_audio.c:1035:16:BSP_AUDIO_IN_Init	56	static
SensorTile_audio.c:1301:16:BSP_AUDIO_IN_PDMToPCM_Init	0	static
SensorTile_audio.c:1323:16:BSP_AUDIO_IN_PDMToPCM	0	static
SensorTile_audio.c:1342:9:BSP_AUDIO_IN_Record	8	static
SensorTile_audio.c:1377:9:BSP_AUDIO_IN_Stop	8	static
SensorTile_audio.c:1416:9:BSP_AUDIO_IN_Pause	8	static
SensorTile_audio.c:1455:9:BSP_AUDIO_IN_Resume	8	static
SensorTile_audio.c:1496:9:BSP_AUDIO_IN_RecordChannels	16	static
SensorTile_audio.c:1579:9:BSP_AUDIO_IN_PauseChannels	8	static
SensorTile_audio.c:1556:9:BSP_AUDIO_IN_StopChannels	8	static
SensorTile_audio.c:1620:9:BSP_AUDIO_IN_ResumeChannels	8	static,ignoring_inline_asm
SensorTile_audio.c:1663:9:BSP_AUDIO_IN_RecordPDM	0	static
SensorTile_audio.c:1683:9:BSP_AUDIO_IN_SetDevice	40	static
SensorTile_audio.c:1727:9:BSP_AUDIO_IN_GetDevice	0	static
SensorTile_audio.c:1749:9:BSP_AUDIO_IN_SetSampleRate	40	static
SensorTile_audio.c:1796:9:BSP_AUDIO_IN_GetSampleRate	0	static
SensorTile_audio.c:1820:9:BSP_AUDIO_IN_SetBitsPerSample	40	static
SensorTile_audio.c:1863:9:BSP_AUDIO_IN_GetBitsPerSample	0	static
SensorTile_audio.c:1885:9:BSP_AUDIO_IN_SetChannelsNbr	0	static
SensorTile_audio.c:1908:9:BSP_AUDIO_IN_GetChannelsNbr	0	static
SensorTile_audio.c:1930:9:BSP_AUDIO_IN_SetVolume	0	static
SensorTile_audio.c:1957:9:BSP_AUDIO_IN_GetVolume	0	static
SensorTile_audio.c:1980:9:BSP_AUDIO_IN_GetState	0	static
SensorTile_audio.c:2000:6:BSP_AUDIO_IN_DMA1_Stream4_IRQHandler	8	static
SensorTile_audio.c:2076:13:BSP_AUDIO_IN_TransferComplete_CallBack	0	static
SensorTile_audio.c:2013:6:HAL_DFSDM_FilterRegConvCpltCallback	8	static
SensorTile_audio.c:2090:13:BSP_AUDIO_IN_HalfTransfer_CallBack	0	static
SensorTile_audio.c:2045:6:HAL_DFSDM_FilterRegConvHalfCpltCallback	8	static
SensorTile_audio.c:2104:13:BSP_AUDIO_IN_Error_CallBack	0	static
