C:/Users/jdfm0/OneDrive/Desktop/sem 2/COMPSYS704/Project_2/COMSYS704_2022/COMSYS704_2022/Drivers/STM32L4xx_HAL_Driver/Src/stm32l4xx_hal_sai.c:2203:26:SAI_InitI2S	4	static
C:/Users/jdfm0/OneDrive/Desktop/sem 2/COMPSYS704/Project_2/COMSYS704_2022/COMSYS704_2022/Drivers/STM32L4xx_HAL_Driver/Src/stm32l4xx_hal_sai.c:2298:26:SAI_InitPCM	8	static
C:/Users/jdfm0/OneDrive/Desktop/sem 2/COMPSYS704/Project_2/COMSYS704_2022/COMSYS704_2022/Drivers/STM32L4xx_HAL_Driver/Src/stm32l4xx_hal_sai.c:2368:13:SAI_FillFifo	4	static
C:/Users/jdfm0/OneDrive/Desktop/sem 2/COMPSYS704/Project_2/COMSYS704_2022/COMSYS704_2022/Drivers/STM32L4xx_HAL_Driver/Src/stm32l4xx_hal_sai.c:2411:17:SAI_InterruptFlag	0	static
C:/Users/jdfm0/OneDrive/Desktop/sem 2/COMPSYS704/Project_2/COMSYS704_2022/COMSYS704_2022/Drivers/STM32L4xx_HAL_Driver/Src/stm32l4xx_hal_sai.c:2444:26:SAI_Disable	0	static
C:/Users/jdfm0/OneDrive/Desktop/sem 2/COMPSYS704/Project_2/COMSYS704_2022/COMSYS704_2022/Drivers/STM32L4xx_HAL_Driver/Src/stm32l4xx_hal_sai.c:799:13:HAL_SAI_MspInit	0	static
C:/Users/jdfm0/OneDrive/Desktop/sem 2/COMPSYS704/Project_2/COMSYS704_2022/COMSYS704_2022/Drivers/STM32L4xx_HAL_Driver/Src/stm32l4xx_hal_sai.c:369:19:HAL_SAI_Init	16	static
C:/Users/jdfm0/OneDrive/Desktop/sem 2/COMPSYS704/Project_2/COMSYS704_2022/COMSYS704_2022/Drivers/STM32L4xx_HAL_Driver/Src/stm32l4xx_hal_sai.c:330:19:HAL_SAI_InitProtocol	8	static
C:/Users/jdfm0/OneDrive/Desktop/sem 2/COMPSYS704/Project_2/COMSYS704_2022/COMSYS704_2022/Drivers/STM32L4xx_HAL_Driver/Src/stm32l4xx_hal_sai.c:815:13:HAL_SAI_MspDeInit	0	static
C:/Users/jdfm0/OneDrive/Desktop/sem 2/COMPSYS704/Project_2/COMSYS704_2022/COMSYS704_2022/Drivers/STM32L4xx_HAL_Driver/Src/stm32l4xx_hal_sai.c:727:19:HAL_SAI_DeInit	16	static
C:/Users/jdfm0/OneDrive/Desktop/sem 2/COMPSYS704/Project_2/COMSYS704_2022/COMSYS704_2022/Drivers/STM32L4xx_HAL_Driver/Src/stm32l4xx_hal_sai.c:1056:19:HAL_SAI_Transmit	32	static
C:/Users/jdfm0/OneDrive/Desktop/sem 2/COMPSYS704/Project_2/COMSYS704_2022/COMSYS704_2022/Drivers/STM32L4xx_HAL_Driver/Src/stm32l4xx_hal_sai.c:1169:19:HAL_SAI_Receive	32	static
C:/Users/jdfm0/OneDrive/Desktop/sem 2/COMPSYS704/Project_2/COMSYS704_2022/COMSYS704_2022/Drivers/STM32L4xx_HAL_Driver/Src/stm32l4xx_hal_sai.c:1279:19:HAL_SAI_Transmit_IT	8	static
C:/Users/jdfm0/OneDrive/Desktop/sem 2/COMPSYS704/Project_2/COMSYS704_2022/COMSYS704_2022/Drivers/STM32L4xx_HAL_Driver/Src/stm32l4xx_hal_sai.c:1341:19:HAL_SAI_Receive_IT	8	static
C:/Users/jdfm0/OneDrive/Desktop/sem 2/COMPSYS704/Project_2/COMSYS704_2022/COMSYS704_2022/Drivers/STM32L4xx_HAL_Driver/Src/stm32l4xx_hal_sai.c:1399:19:HAL_SAI_DMAPause	0	static
C:/Users/jdfm0/OneDrive/Desktop/sem 2/COMPSYS704/Project_2/COMSYS704_2022/COMSYS704_2022/Drivers/STM32L4xx_HAL_Driver/Src/stm32l4xx_hal_sai.c:1419:19:HAL_SAI_DMAResume	0	static
C:/Users/jdfm0/OneDrive/Desktop/sem 2/COMPSYS704/Project_2/COMSYS704_2022/COMSYS704_2022/Drivers/STM32L4xx_HAL_Driver/Src/stm32l4xx_hal_sai.c:1446:19:HAL_SAI_DMAStop	8	static
C:/Users/jdfm0/OneDrive/Desktop/sem 2/COMPSYS704/Project_2/COMSYS704_2022/COMSYS704_2022/Drivers/STM32L4xx_HAL_Driver/Src/stm32l4xx_hal_sai.c:1496:19:HAL_SAI_Abort	8	static
C:/Users/jdfm0/OneDrive/Desktop/sem 2/COMPSYS704/Project_2/COMSYS704_2022/COMSYS704_2022/Drivers/STM32L4xx_HAL_Driver/Src/stm32l4xx_hal_sai.c:1556:19:HAL_SAI_Transmit_DMA	24	static
C:/Users/jdfm0/OneDrive/Desktop/sem 2/COMPSYS704/Project_2/COMSYS704_2022/COMSYS704_2022/Drivers/STM32L4xx_HAL_Driver/Src/stm32l4xx_hal_sai.c:1643:19:HAL_SAI_Receive_DMA	16	static
C:/Users/jdfm0/OneDrive/Desktop/sem 2/COMPSYS704/Project_2/COMSYS704_2022/COMSYS704_2022/Drivers/STM32L4xx_HAL_Driver/Src/stm32l4xx_hal_sai.c:1712:19:HAL_SAI_EnableTxMuteMode	0	static
C:/Users/jdfm0/OneDrive/Desktop/sem 2/COMPSYS704/Project_2/COMSYS704_2022/COMSYS704_2022/Drivers/STM32L4xx_HAL_Driver/Src/stm32l4xx_hal_sai.c:1731:19:HAL_SAI_DisableTxMuteMode	0	static
C:/Users/jdfm0/OneDrive/Desktop/sem 2/COMPSYS704/Project_2/COMSYS704_2022/COMSYS704_2022/Drivers/STM32L4xx_HAL_Driver/Src/stm32l4xx_hal_sai.c:1749:19:HAL_SAI_EnableRxMuteMode	4	static
C:/Users/jdfm0/OneDrive/Desktop/sem 2/COMPSYS704/Project_2/COMSYS704_2022/COMSYS704_2022/Drivers/STM32L4xx_HAL_Driver/Src/stm32l4xx_hal_sai.c:1772:19:HAL_SAI_DisableRxMuteMode	0	static
C:/Users/jdfm0/OneDrive/Desktop/sem 2/COMPSYS704/Project_2/COMSYS704_2022/COMSYS704_2022/Drivers/STM32L4xx_HAL_Driver/Src/stm32l4xx_hal_sai.c:2064:13:HAL_SAI_TxCpltCallback	0	static
C:/Users/jdfm0/OneDrive/Desktop/sem 2/COMPSYS704/Project_2/COMSYS704_2022/COMSYS704_2022/Drivers/STM32L4xx_HAL_Driver/Src/stm32l4xx_hal_sai.c:2537:13:SAI_Transmit_IT32Bit	8	static
C:/Users/jdfm0/OneDrive/Desktop/sem 2/COMPSYS704/Project_2/COMSYS704_2022/COMSYS704_2022/Drivers/STM32L4xx_HAL_Driver/Src/stm32l4xx_hal_sai.c:2504:13:SAI_Transmit_IT16Bit	8	static
C:/Users/jdfm0/OneDrive/Desktop/sem 2/COMPSYS704/Project_2/COMSYS704_2022/COMSYS704_2022/Drivers/STM32L4xx_HAL_Driver/Src/stm32l4xx_hal_sai.c:2475:13:SAI_Transmit_IT8Bit	8	static
C:/Users/jdfm0/OneDrive/Desktop/sem 2/COMPSYS704/Project_2/COMSYS704_2022/COMSYS704_2022/Drivers/STM32L4xx_HAL_Driver/Src/stm32l4xx_hal_sai.c:2681:13:SAI_DMATxCplt	8	static
C:/Users/jdfm0/OneDrive/Desktop/sem 2/COMPSYS704/Project_2/COMSYS704_2022/COMSYS704_2022/Drivers/STM32L4xx_HAL_Driver/Src/stm32l4xx_hal_sai.c:2080:13:HAL_SAI_TxHalfCpltCallback	0	static
C:/Users/jdfm0/OneDrive/Desktop/sem 2/COMPSYS704/Project_2/COMSYS704_2022/COMSYS704_2022/Drivers/STM32L4xx_HAL_Driver/Src/stm32l4xx_hal_sai.c:2710:13:SAI_DMATxHalfCplt	8	static
C:/Users/jdfm0/OneDrive/Desktop/sem 2/COMPSYS704/Project_2/COMSYS704_2022/COMSYS704_2022/Drivers/STM32L4xx_HAL_Driver/Src/stm32l4xx_hal_sai.c:2096:13:HAL_SAI_RxCpltCallback	0	static
C:/Users/jdfm0/OneDrive/Desktop/sem 2/COMPSYS704/Project_2/COMSYS704_2022/COMSYS704_2022/Drivers/STM32L4xx_HAL_Driver/Src/stm32l4xx_hal_sai.c:2641:13:SAI_Receive_IT32Bit	8	static
C:/Users/jdfm0/OneDrive/Desktop/sem 2/COMPSYS704/Project_2/COMSYS704_2022/COMSYS704_2022/Drivers/STM32L4xx_HAL_Driver/Src/stm32l4xx_hal_sai.c:2605:13:SAI_Receive_IT16Bit	8	static
C:/Users/jdfm0/OneDrive/Desktop/sem 2/COMPSYS704/Project_2/COMSYS704_2022/COMSYS704_2022/Drivers/STM32L4xx_HAL_Driver/Src/stm32l4xx_hal_sai.c:2574:13:SAI_Receive_IT8Bit	8	static
C:/Users/jdfm0/OneDrive/Desktop/sem 2/COMPSYS704/Project_2/COMSYS704_2022/COMSYS704_2022/Drivers/STM32L4xx_HAL_Driver/Src/stm32l4xx_hal_sai.c:2727:13:SAI_DMARxCplt	8	static
C:/Users/jdfm0/OneDrive/Desktop/sem 2/COMPSYS704/Project_2/COMSYS704_2022/COMSYS704_2022/Drivers/STM32L4xx_HAL_Driver/Src/stm32l4xx_hal_sai.c:2112:13:HAL_SAI_RxHalfCpltCallback	0	static
C:/Users/jdfm0/OneDrive/Desktop/sem 2/COMPSYS704/Project_2/COMSYS704_2022/COMSYS704_2022/Drivers/STM32L4xx_HAL_Driver/Src/stm32l4xx_hal_sai.c:2755:13:SAI_DMARxHalfCplt	8	static
C:/Users/jdfm0/OneDrive/Desktop/sem 2/COMPSYS704/Project_2/COMSYS704_2022/COMSYS704_2022/Drivers/STM32L4xx_HAL_Driver/Src/stm32l4xx_hal_sai.c:2128:13:HAL_SAI_ErrorCallback	0	static
C:/Users/jdfm0/OneDrive/Desktop/sem 2/COMPSYS704/Project_2/COMSYS704_2022/COMSYS704_2022/Drivers/STM32L4xx_HAL_Driver/Src/stm32l4xx_hal_sai.c:2772:13:SAI_DMAError	8	static
C:/Users/jdfm0/OneDrive/Desktop/sem 2/COMPSYS704/Project_2/COMSYS704_2022/COMSYS704_2022/Drivers/STM32L4xx_HAL_Driver/Src/stm32l4xx_hal_sai.c:1791:6:HAL_SAI_IRQHandler	8	static
C:/Users/jdfm0/OneDrive/Desktop/sem 2/COMPSYS704/Project_2/COMSYS704_2022/COMSYS704_2022/Drivers/STM32L4xx_HAL_Driver/Src/stm32l4xx_hal_sai.c:2806:13:SAI_DMAAbort	8	static
C:/Users/jdfm0/OneDrive/Desktop/sem 2/COMPSYS704/Project_2/COMSYS704_2022/COMSYS704_2022/Drivers/STM32L4xx_HAL_Driver/Src/stm32l4xx_hal_sai.c:2163:22:HAL_SAI_GetState	0	static
C:/Users/jdfm0/OneDrive/Desktop/sem 2/COMPSYS704/Project_2/COMSYS704_2022/COMSYS704_2022/Drivers/STM32L4xx_HAL_Driver/Src/stm32l4xx_hal_sai.c:2174:10:HAL_SAI_GetError	0	static
