C:/Users/jdfm0/OneDrive/Desktop/sem 2/COMPSYS704/Project_2/COMSYS704_2022/COMSYS704_2022/Drivers/STM32L4xx_HAL_Driver/Src/stm32l4xx_hal_uart_ex.c:1010:13:UARTEx_Wakeup_AddressConfig	8	static
C:/Users/jdfm0/OneDrive/Desktop/sem 2/COMPSYS704/Project_2/COMSYS704_2022/COMSYS704_2022/Drivers/STM32L4xx_HAL_Driver/Src/stm32l4xx_hal_uart_ex.c:170:19:HAL_RS485Ex_Init	24	static
C:/Users/jdfm0/OneDrive/Desktop/sem 2/COMPSYS704/Project_2/COMSYS704_2022/COMSYS704_2022/Drivers/STM32L4xx_HAL_Driver/Src/stm32l4xx_hal_uart_ex.c:276:13:HAL_UARTEx_WakeupCallback	0	static
C:/Users/jdfm0/OneDrive/Desktop/sem 2/COMPSYS704/Project_2/COMSYS704_2022/COMSYS704_2022/Drivers/STM32L4xx_HAL_Driver/Src/stm32l4xx_hal_uart_ex.c:392:19:HAL_UARTEx_EnableClockStopMode	0	static
C:/Users/jdfm0/OneDrive/Desktop/sem 2/COMPSYS704/Project_2/COMSYS704_2022/COMSYS704_2022/Drivers/STM32L4xx_HAL_Driver/Src/stm32l4xx_hal_uart_ex.c:411:19:HAL_UARTEx_DisableClockStopMode	0	static
C:/Users/jdfm0/OneDrive/Desktop/sem 2/COMPSYS704/Project_2/COMSYS704_2022/COMSYS704_2022/Drivers/STM32L4xx_HAL_Driver/Src/stm32l4xx_hal_uart_ex.c:439:19:HAL_MultiProcessorEx_AddressLength_Set	8	static
C:/Users/jdfm0/OneDrive/Desktop/sem 2/COMPSYS704/Project_2/COMSYS704_2022/COMSYS704_2022/Drivers/STM32L4xx_HAL_Driver/Src/stm32l4xx_hal_uart_ex.c:477:19:HAL_UARTEx_StopModeWakeUpSourceConfig	24	static
C:/Users/jdfm0/OneDrive/Desktop/sem 2/COMPSYS704/Project_2/COMSYS704_2022/COMSYS704_2022/Drivers/STM32L4xx_HAL_Driver/Src/stm32l4xx_hal_uart_ex.c:532:19:HAL_UARTEx_EnableStopMode	0	static
C:/Users/jdfm0/OneDrive/Desktop/sem 2/COMPSYS704/Project_2/COMSYS704_2022/COMSYS704_2022/Drivers/STM32L4xx_HAL_Driver/Src/stm32l4xx_hal_uart_ex.c:551:19:HAL_UARTEx_DisableStopMode	0	static
C:/Users/jdfm0/OneDrive/Desktop/sem 2/COMPSYS704/Project_2/COMSYS704_2022/COMSYS704_2022/Drivers/STM32L4xx_HAL_Driver/Src/stm32l4xx_hal_uart_ex.c:763:19:HAL_UARTEx_ReceiveToIdle	32	static
C:/Users/jdfm0/OneDrive/Desktop/sem 2/COMPSYS704/Project_2/COMSYS704_2022/COMSYS704_2022/Drivers/STM32L4xx_HAL_Driver/Src/stm32l4xx_hal_uart_ex.c:886:19:HAL_UARTEx_ReceiveToIdle_IT	8	static
C:/Users/jdfm0/OneDrive/Desktop/sem 2/COMPSYS704/Project_2/COMSYS704_2022/COMSYS704_2022/Drivers/STM32L4xx_HAL_Driver/Src/stm32l4xx_hal_uart_ex.c:947:19:HAL_UARTEx_ReceiveToIdle_DMA	8	static
