lsm6dsm_reg.c:49:9:lsm6dsm_read_reg	8	static
lsm6dsm_reg.c:67:9:lsm6dsm_write_reg	8	static
lsm6dsm_reg.c:87:9:lsm6dsm_from_fs2g_to_mg	0	static
lsm6dsm_reg.c:92:9:lsm6dsm_from_fs4g_to_mg	0	static
lsm6dsm_reg.c:97:9:lsm6dsm_from_fs8g_to_mg	0	static
lsm6dsm_reg.c:102:9:lsm6dsm_from_fs16g_to_mg	0	static
lsm6dsm_reg.c:107:9:lsm6dsm_from_fs125dps_to_mdps	0	static
lsm6dsm_reg.c:112:9:lsm6dsm_from_fs250dps_to_mdps	0	static
lsm6dsm_reg.c:117:9:lsm6dsm_from_fs500dps_to_mdps	0	static
lsm6dsm_reg.c:122:9:lsm6dsm_from_fs1000dps_to_mdps	0	static
lsm6dsm_reg.c:127:9:lsm6dsm_from_fs2000dps_to_mdps	0	static
lsm6dsm_reg.c:132:9:lsm6dsm_from_lsb_to_celsius	0	static
lsm6dsm_reg.c:159:9:lsm6dsm_xl_full_scale_set	24	static
lsm6dsm_reg.c:180:9:lsm6dsm_xl_full_scale_get	16	static
lsm6dsm_reg.c:215:9:lsm6dsm_xl_data_rate_set	24	static
lsm6dsm_reg.c:236:9:lsm6dsm_xl_data_rate_get	16	static
lsm6dsm_reg.c:295:9:lsm6dsm_gy_full_scale_set	24	static
lsm6dsm_reg.c:316:9:lsm6dsm_gy_full_scale_get	16	static
lsm6dsm_reg.c:354:9:lsm6dsm_gy_data_rate_set	24	static
lsm6dsm_reg.c:375:9:lsm6dsm_gy_data_rate_get	16	static
lsm6dsm_reg.c:431:9:lsm6dsm_block_data_update_set	24	static
lsm6dsm_reg.c:452:9:lsm6dsm_block_data_update_get	16	static
lsm6dsm_reg.c:472:9:lsm6dsm_xl_offset_weight_set	24	static
lsm6dsm_reg.c:495:9:lsm6dsm_xl_offset_weight_get	16	static
lsm6dsm_reg.c:525:9:lsm6dsm_xl_power_mode_set	24	static
lsm6dsm_reg.c:547:9:lsm6dsm_xl_power_mode_get	16	static
lsm6dsm_reg.c:579:9:lsm6dsm_rounding_on_status_set	24	static
lsm6dsm_reg.c:603:9:lsm6dsm_rounding_on_status_get	16	static
lsm6dsm_reg.c:633:9:lsm6dsm_gy_power_mode_set	24	static
lsm6dsm_reg.c:654:9:lsm6dsm_gy_power_mode_get	16	static
lsm6dsm_reg.c:736:9:lsm6dsm_status_reg_get	8	static
lsm6dsm_reg.c:751:9:lsm6dsm_xl_flag_data_ready_get	16	static
lsm6dsm_reg.c:770:9:lsm6dsm_gy_flag_data_ready_get	16	static
lsm6dsm_reg.c:789:9:lsm6dsm_temp_flag_data_ready_get	16	static
lsm6dsm_reg.c:810:9:lsm6dsm_xl_usr_offset_set	8	static
lsm6dsm_reg.c:827:9:lsm6dsm_xl_usr_offset_get	8	static
lsm6dsm_reg.c:856:9:lsm6dsm_timestamp_set	24	static
lsm6dsm_reg.c:881:9:lsm6dsm_timestamp_get	16	static
lsm6dsm_reg.c:905:9:lsm6dsm_timestamp_res_set	24	static
lsm6dsm_reg.c:932:9:lsm6dsm_timestamp_res_get	16	static
lsm6dsm_reg.c:974:9:lsm6dsm_rounding_mode_set	24	static
lsm6dsm_reg.c:996:9:lsm6dsm_rounding_mode_get	16	static
lsm6dsm_reg.c:1044:9:lsm6dsm_temperature_raw_get	8	static
lsm6dsm_reg.c:1060:9:lsm6dsm_angular_rate_raw_get	8	static
lsm6dsm_reg.c:1076:9:lsm6dsm_acceleration_raw_get	8	static
lsm6dsm_reg.c:1091:9:lsm6dsm_mag_calibrated_raw_get	8	static
lsm6dsm_reg.c:1107:9:lsm6dsm_fifo_raw_data_get	8	static
lsm6dsm_reg.c:1136:9:lsm6dsm_mem_bank_set	24	static
lsm6dsm_reg.c:684:9:lsm6dsm_all_sources_get	16	static
lsm6dsm_reg.c:1161:9:lsm6dsm_mem_bank_get	16	static
lsm6dsm_reg.c:1191:9:lsm6dsm_data_ready_mode_set	24	static
lsm6dsm_reg.c:1215:9:lsm6dsm_data_ready_mode_get	16	static
lsm6dsm_reg.c:1246:9:lsm6dsm_device_id_get	8	static
lsm6dsm_reg.c:1261:9:lsm6dsm_reset_set	24	static
lsm6dsm_reg.c:1282:9:lsm6dsm_reset_get	16	static
lsm6dsm_reg.c:1301:9:lsm6dsm_data_format_set	24	static
lsm6dsm_reg.c:1322:9:lsm6dsm_data_format_get	16	static
lsm6dsm_reg.c:1352:9:lsm6dsm_auto_increment_set	24	static
lsm6dsm_reg.c:1374:9:lsm6dsm_auto_increment_get	16	static
lsm6dsm_reg.c:1393:9:lsm6dsm_boot_set	24	static
lsm6dsm_reg.c:1414:9:lsm6dsm_boot_get	16	static
lsm6dsm_reg.c:1433:9:lsm6dsm_xl_self_test_set	24	static
lsm6dsm_reg.c:1454:9:lsm6dsm_xl_self_test_get	16	static
lsm6dsm_reg.c:1485:9:lsm6dsm_gy_self_test_set	24	static
lsm6dsm_reg.c:1506:9:lsm6dsm_gy_self_test_get	16	static
lsm6dsm_reg.c:1552:9:lsm6dsm_filter_settling_mask_set	24	static
lsm6dsm_reg.c:1574:9:lsm6dsm_filter_settling_mask_get	16	static
lsm6dsm_reg.c:1594:9:lsm6dsm_xl_hp_path_internal_set	24	static
lsm6dsm_reg.c:1617:9:lsm6dsm_xl_hp_path_internal_get	16	static
lsm6dsm_reg.c:1661:9:lsm6dsm_xl_filter_analog_set	24	static
lsm6dsm_reg.c:1683:9:lsm6dsm_xl_filter_analog_get	16	static
lsm6dsm_reg.c:1728:9:lsm6dsm_xl_lp1_bandwidth_set	24	static
lsm6dsm_reg.c:1760:9:lsm6dsm_xl_lp1_bandwidth_get	24	static
lsm6dsm_reg.c:1799:9:lsm6dsm_xl_lp2_bandwidth_set	24	static
lsm6dsm_reg.c:1824:9:lsm6dsm_xl_lp2_bandwidth_get	16	static
lsm6dsm_reg.c:1880:9:lsm6dsm_xl_reference_mode_set	24	static
lsm6dsm_reg.c:1901:9:lsm6dsm_xl_reference_mode_get	16	static
lsm6dsm_reg.c:1920:9:lsm6dsm_xl_hp_bandwidth_set	24	static
lsm6dsm_reg.c:1943:9:lsm6dsm_xl_hp_bandwidth_get	16	static
lsm6dsm_reg.c:1996:9:lsm6dsm_xl_ui_lp1_bandwidth_set	24	static
lsm6dsm_reg.c:2027:9:lsm6dsm_xl_ui_lp1_bandwidth_get	24	static
lsm6dsm_reg.c:2066:9:lsm6dsm_xl_ui_slope_set	24	static
lsm6dsm_reg.c:2087:9:lsm6dsm_xl_ui_slope_get	16	static
lsm6dsm_reg.c:2119:9:lsm6dsm_xl_aux_lp_bandwidth_set	24	static
lsm6dsm_reg.c:2154:9:lsm6dsm_xl_aux_lp_bandwidth_get	16	static
lsm6dsm_reg.c:2203:9:lsm6dsm_gy_band_pass_set	32	static
lsm6dsm_reg.c:2243:9:lsm6dsm_gy_band_pass_get	32	static
lsm6dsm_reg.c:2328:9:lsm6dsm_gy_ui_high_pass_set	24	static
lsm6dsm_reg.c:2350:9:lsm6dsm_gy_ui_high_pass_get	16	static
lsm6dsm_reg.c:2373:9:lsm6dsm_gy_aux_bandwidth_set	24	static
lsm6dsm_reg.c:2407:9:lsm6dsm_gy_aux_bandwidth_get	24	static
lsm6dsm_reg.c:2471:9:lsm6dsm_aux_status_reg_get	8	static
lsm6dsm_reg.c:2487:9:lsm6dsm_aux_xl_flag_data_ready_get	16	static
lsm6dsm_reg.c:2506:9:lsm6dsm_aux_gy_flag_data_ready_get	16	static
lsm6dsm_reg.c:2525:9:lsm6dsm_aux_gy_flag_settling_get	16	static
lsm6dsm_reg.c:2544:9:lsm6dsm_aux_den_mode_set	24	static
lsm6dsm_reg.c:2574:9:lsm6dsm_aux_den_mode_get	24	static
lsm6dsm_reg.c:2610:9:lsm6dsm_aux_drdy_on_int2_set	24	static
lsm6dsm_reg.c:2632:9:lsm6dsm_aux_drdy_on_int2_get	16	static
lsm6dsm_reg.c:2658:9:lsm6dsm_aux_mode_set	24	static
lsm6dsm_reg.c:2687:9:lsm6dsm_aux_mode_get	16	static
lsm6dsm_reg.c:2718:9:lsm6dsm_aux_gy_full_scale_set	24	static
lsm6dsm_reg.c:2740:9:lsm6dsm_aux_gy_full_scale_get	16	static
lsm6dsm_reg.c:2778:9:lsm6dsm_aux_spi_mode_set	24	static
lsm6dsm_reg.c:2799:9:lsm6dsm_aux_spi_mode_get	16	static
lsm6dsm_reg.c:2827:9:lsm6dsm_aux_data_format_set	24	static
lsm6dsm_reg.c:2848:9:lsm6dsm_aux_data_format_get	16	static
lsm6dsm_reg.c:2880:9:lsm6dsm_aux_gy_clamp_set	24	static
lsm6dsm_reg.c:2906:9:lsm6dsm_aux_gy_clamp_get	16	static
lsm6dsm_reg.c:2935:9:lsm6dsm_aux_gy_self_test_set	24	static
lsm6dsm_reg.c:2956:9:lsm6dsm_aux_gy_self_test_get	16	static
lsm6dsm_reg.c:2988:9:lsm6dsm_aux_xl_full_scale_set	24	static
lsm6dsm_reg.c:3010:9:lsm6dsm_aux_xl_full_scale_get	16	static
lsm6dsm_reg.c:3045:9:lsm6dsm_aux_den_polarity_set	24	static
lsm6dsm_reg.c:3067:9:lsm6dsm_aux_den_polarity_get	16	static
lsm6dsm_reg.c:3109:9:lsm6dsm_spi_mode_set	24	static
lsm6dsm_reg.c:3130:9:lsm6dsm_spi_mode_get	16	static
lsm6dsm_reg.c:3158:9:lsm6dsm_i2c_interface_set	24	static
lsm6dsm_reg.c:3180:9:lsm6dsm_i2c_interface_get	16	static
lsm6dsm_reg.c:3224:9:lsm6dsm_pin_int1_route_set	40	static
lsm6dsm_reg.c:3315:9:lsm6dsm_pin_int1_route_get	32	static
lsm6dsm_reg.c:3367:9:lsm6dsm_pin_int2_route_set	40	static
lsm6dsm_reg.c:3450:9:lsm6dsm_pin_int2_route_get	32	static
lsm6dsm_reg.c:3497:9:lsm6dsm_pin_mode_set	24	static
lsm6dsm_reg.c:3518:9:lsm6dsm_pin_mode_get	16	static
lsm6dsm_reg.c:3547:9:lsm6dsm_pin_polarity_set	24	static
lsm6dsm_reg.c:3568:9:lsm6dsm_pin_polarity_get	16	static
lsm6dsm_reg.c:3597:9:lsm6dsm_all_on_int1_set	24	static
lsm6dsm_reg.c:3618:9:lsm6dsm_all_on_int1_get	16	static
lsm6dsm_reg.c:3637:9:lsm6dsm_int_notification_set	24	static
lsm6dsm_reg.c:3658:9:lsm6dsm_int_notification_get	16	static
lsm6dsm_reg.c:3700:9:lsm6dsm_wkup_threshold_set	24	static
lsm6dsm_reg.c:3722:9:lsm6dsm_wkup_threshold_get	16	static
lsm6dsm_reg.c:3741:9:lsm6dsm_wkup_dur_set	24	static
lsm6dsm_reg.c:3763:9:lsm6dsm_wkup_dur_get	16	static
lsm6dsm_reg.c:3795:9:lsm6dsm_gy_sleep_mode_set	24	static
lsm6dsm_reg.c:3816:9:lsm6dsm_gy_sleep_mode_get	16	static
lsm6dsm_reg.c:3835:9:lsm6dsm_act_mode_set	24	static
lsm6dsm_reg.c:3856:9:lsm6dsm_act_mode_get	16	static
lsm6dsm_reg.c:3891:9:lsm6dsm_act_sleep_dur_set	24	static
lsm6dsm_reg.c:3913:9:lsm6dsm_act_sleep_dur_get	16	static
lsm6dsm_reg.c:3945:9:lsm6dsm_tap_src_get	8	static
lsm6dsm_reg.c:3959:9:lsm6dsm_tap_detection_on_z_set	24	static
lsm6dsm_reg.c:3980:9:lsm6dsm_tap_detection_on_z_get	16	static
lsm6dsm_reg.c:3999:9:lsm6dsm_tap_detection_on_y_set	24	static
lsm6dsm_reg.c:4020:9:lsm6dsm_tap_detection_on_y_get	16	static
lsm6dsm_reg.c:4039:9:lsm6dsm_tap_detection_on_x_set	24	static
lsm6dsm_reg.c:4060:9:lsm6dsm_tap_detection_on_x_get	16	static
lsm6dsm_reg.c:4079:9:lsm6dsm_tap_threshold_x_set	24	static
lsm6dsm_reg.c:4101:9:lsm6dsm_tap_threshold_x_get	16	static
lsm6dsm_reg.c:4125:9:lsm6dsm_tap_shock_set	24	static
lsm6dsm_reg.c:4151:9:lsm6dsm_tap_shock_get	16	static
lsm6dsm_reg.c:4175:9:lsm6dsm_tap_quiet_set	24	static
lsm6dsm_reg.c:4201:9:lsm6dsm_tap_quiet_get	16	static
lsm6dsm_reg.c:4226:9:lsm6dsm_tap_dur_set	24	static
lsm6dsm_reg.c:4253:9:lsm6dsm_tap_dur_get	16	static
lsm6dsm_reg.c:4273:9:lsm6dsm_tap_mode_set	24	static
lsm6dsm_reg.c:4297:9:lsm6dsm_tap_mode_get	16	static
lsm6dsm_reg.c:4341:9:lsm6dsm_6d_feed_data_set	24	static
lsm6dsm_reg.c:4363:9:lsm6dsm_6d_feed_data_get	16	static
lsm6dsm_reg.c:4393:9:lsm6dsm_6d_threshold_set	24	static
lsm6dsm_reg.c:4414:9:lsm6dsm_6d_threshold_get	16	static
lsm6dsm_reg.c:4449:9:lsm6dsm_4d_mode_set	24	static
lsm6dsm_reg.c:4471:9:lsm6dsm_4d_mode_get	16	static
lsm6dsm_reg.c:4503:9:lsm6dsm_ff_dur_set	24	static
lsm6dsm_reg.c:4534:9:lsm6dsm_ff_dur_get	24	static
lsm6dsm_reg.c:4557:9:lsm6dsm_ff_threshold_set	24	static
lsm6dsm_reg.c:4578:9:lsm6dsm_ff_threshold_get	16	static
lsm6dsm_reg.c:4638:9:lsm6dsm_fifo_watermark_set	24	static
lsm6dsm_reg.c:4665:9:lsm6dsm_fifo_watermark_get	24	static
lsm6dsm_reg.c:4690:9:lsm6dsm_fifo_data_level_get	24	static
lsm6dsm_reg.c:4716:9:lsm6dsm_fifo_wtm_flag_get	16	static
lsm6dsm_reg.c:4735:9:lsm6dsm_fifo_over_run_get	16	static
lsm6dsm_reg.c:4755:9:lsm6dsm_fifo_pattern_get	24	static
lsm6dsm_reg.c:4780:9:lsm6dsm_fifo_temp_batch_set	24	static
lsm6dsm_reg.c:4803:9:lsm6dsm_fifo_temp_batch_get	16	static
lsm6dsm_reg.c:4823:9:lsm6dsm_fifo_write_trigger_set	24	static
lsm6dsm_reg.c:4858:9:lsm6dsm_fifo_write_trigger_get	24	static
lsm6dsm_reg.c:4899:9:lsm6dsm_fifo_pedo_and_timestamp_batch_set	24	static
lsm6dsm_reg.c:4923:9:lsm6dsm_fifo_pedo_and_timestamp_batch_get	16	static
lsm6dsm_reg.c:4944:9:lsm6dsm_fifo_xl_batch_set	24	static
lsm6dsm_reg.c:4968:9:lsm6dsm_fifo_xl_batch_get	16	static
lsm6dsm_reg.c:5017:9:lsm6dsm_fifo_gy_batch_set	24	static
lsm6dsm_reg.c:5040:9:lsm6dsm_fifo_gy_batch_get	16	static
lsm6dsm_reg.c:5089:9:lsm6dsm_fifo_dataset_3_batch_set	24	static
lsm6dsm_reg.c:5113:9:lsm6dsm_fifo_dataset_3_batch_get	16	static
lsm6dsm_reg.c:5162:9:lsm6dsm_fifo_dataset_4_batch_set	24	static
lsm6dsm_reg.c:5186:9:lsm6dsm_fifo_dataset_4_batch_get	16	static
lsm6dsm_reg.c:5234:9:lsm6dsm_fifo_xl_gy_8bit_format_set	24	static
lsm6dsm_reg.c:5255:9:lsm6dsm_fifo_xl_gy_8bit_format_get	16	static
lsm6dsm_reg.c:5275:9:lsm6dsm_fifo_stop_on_wtm_set	24	static
lsm6dsm_reg.c:5297:9:lsm6dsm_fifo_stop_on_wtm_get	16	static
lsm6dsm_reg.c:5316:9:lsm6dsm_fifo_mode_set	24	static
lsm6dsm_reg.c:5337:9:lsm6dsm_fifo_mode_get	16	static
lsm6dsm_reg.c:5375:9:lsm6dsm_fifo_data_rate_set	24	static
lsm6dsm_reg.c:5396:9:lsm6dsm_fifo_data_rate_get	16	static
lsm6dsm_reg.c:5465:10:lsm6dsm_den_polarity_set	24	static
lsm6dsm_reg.c:5486:9:lsm6dsm_den_polarity_get	16	static
lsm6dsm_reg.c:5515:9:lsm6dsm_den_mode_set	24	static
lsm6dsm_reg.c:5536:9:lsm6dsm_den_mode_get	16	static
lsm6dsm_reg.c:5572:9:lsm6dsm_den_enable_set	24	static
lsm6dsm_reg.c:5602:9:lsm6dsm_den_enable_get	24	static
lsm6dsm_reg.c:5638:9:lsm6dsm_den_mark_axis_z_set	24	static
lsm6dsm_reg.c:5659:9:lsm6dsm_den_mark_axis_z_get	16	static
lsm6dsm_reg.c:5678:9:lsm6dsm_den_mark_axis_y_set	24	static
lsm6dsm_reg.c:5699:9:lsm6dsm_den_mark_axis_y_get	16	static
lsm6dsm_reg.c:5718:9:lsm6dsm_den_mark_axis_x_set	24	static
lsm6dsm_reg.c:5739:9:lsm6dsm_den_mark_axis_x_get	16	static
lsm6dsm_reg.c:5770:9:lsm6dsm_pedo_step_reset_set	24	static
lsm6dsm_reg.c:5791:9:lsm6dsm_pedo_step_reset_get	16	static
lsm6dsm_reg.c:5810:9:lsm6dsm_pedo_sens_set	24	static
lsm6dsm_reg.c:5835:9:lsm6dsm_pedo_sens_get	16	static
lsm6dsm_reg.c:5855:9:lsm6dsm_pedo_threshold_set	24	static
lsm6dsm_reg.c:5884:9:lsm6dsm_pedo_threshold_get	24	static
lsm6dsm_reg.c:5910:9:lsm6dsm_pedo_full_scale_set	24	static
lsm6dsm_reg.c:5940:9:lsm6dsm_pedo_full_scale_get	24	static
lsm6dsm_reg.c:5975:9:lsm6dsm_pedo_debounce_steps_set	24	static
lsm6dsm_reg.c:6004:9:lsm6dsm_pedo_debounce_steps_get	24	static
lsm6dsm_reg.c:6032:9:lsm6dsm_pedo_timeout_set	24	static
lsm6dsm_reg.c:6063:9:lsm6dsm_pedo_timeout_get	24	static
lsm6dsm_reg.c:6088:9:lsm6dsm_pedo_steps_period_set	16	static
lsm6dsm_reg.c:6110:9:lsm6dsm_pedo_steps_period_get	16	static
lsm6dsm_reg.c:6145:9:lsm6dsm_motion_sens_set	24	static
lsm6dsm_reg.c:6169:9:lsm6dsm_motion_sens_get	16	static
lsm6dsm_reg.c:6188:9:lsm6dsm_motion_threshold_set	16	static
lsm6dsm_reg.c:6210:9:lsm6dsm_motion_threshold_get	16	static
lsm6dsm_reg.c:6245:9:lsm6dsm_tilt_sens_set	24	static
lsm6dsm_reg.c:6269:9:lsm6dsm_tilt_sens_get	16	static
lsm6dsm_reg.c:6288:9:lsm6dsm_wrist_tilt_sens_set	24	static
lsm6dsm_reg.c:6312:9:lsm6dsm_wrist_tilt_sens_get	16	static
lsm6dsm_reg.c:6333:9:lsm6dsm_tilt_latency_set	16	static
lsm6dsm_reg.c:6357:9:lsm6dsm_tilt_latency_get	16	static
lsm6dsm_reg.c:6381:9:lsm6dsm_tilt_threshold_set	16	static
lsm6dsm_reg.c:6405:9:lsm6dsm_tilt_threshold_get	16	static
lsm6dsm_reg.c:6427:9:lsm6dsm_tilt_src_set	16	static
lsm6dsm_reg.c:6451:9:lsm6dsm_tilt_src_get	16	static
lsm6dsm_reg.c:6489:9:lsm6dsm_mag_soft_iron_set	24	static
lsm6dsm_reg.c:6510:9:lsm6dsm_mag_soft_iron_get	16	static
lsm6dsm_reg.c:6529:9:lsm6dsm_mag_hard_iron_set	24	static
lsm6dsm_reg.c:6563:9:lsm6dsm_mag_hard_iron_get	16	static
lsm6dsm_reg.c:6584:9:lsm6dsm_mag_soft_iron_mat_set	16	static
lsm6dsm_reg.c:6607:9:lsm6dsm_mag_soft_iron_mat_get	16	static
lsm6dsm_reg.c:6630:9:lsm6dsm_mag_offset_set	16	static
lsm6dsm_reg.c:6653:9:lsm6dsm_mag_offset_get	16	static
lsm6dsm_reg.c:6688:9:lsm6dsm_func_en_set	24	static
lsm6dsm_reg.c:6711:9:lsm6dsm_sh_sync_sens_frame_set	24	static
lsm6dsm_reg.c:6735:9:lsm6dsm_sh_sync_sens_frame_get	16	static
lsm6dsm_reg.c:6755:9:lsm6dsm_sh_sync_sens_ratio_set	24	static
lsm6dsm_reg.c:6778:9:lsm6dsm_sh_sync_sens_ratio_get	16	static
lsm6dsm_reg.c:6815:9:lsm6dsm_sh_master_set	24	static
lsm6dsm_reg.c:6838:9:lsm6dsm_sh_master_get	16	static
lsm6dsm_reg.c:6858:9:lsm6dsm_sh_pass_through_set	24	static
lsm6dsm_reg.c:6881:9:lsm6dsm_sh_pass_through_get	16	static
lsm6dsm_reg.c:6901:9:lsm6dsm_sh_pin_mode_set	24	static
lsm6dsm_reg.c:6925:9:lsm6dsm_sh_pin_mode_get	16	static
lsm6dsm_reg.c:6954:9:lsm6dsm_sh_syncro_mode_set	24	static
lsm6dsm_reg.c:6978:9:lsm6dsm_sh_syncro_mode_get	16	static
lsm6dsm_reg.c:7009:9:lsm6dsm_sh_drdy_on_int1_set	24	static
lsm6dsm_reg.c:7032:9:lsm6dsm_sh_drdy_on_int1_get	16	static
lsm6dsm_reg.c:7052:9:lsm6dsm_sh_read_data_raw_get	16	static
lsm6dsm_reg.c:7074:9:lsm6dsm_sh_cmd_sens_sync_set	24	static
lsm6dsm_reg.c:7098:9:lsm6dsm_sh_cmd_sens_sync_get	16	static
lsm6dsm_reg.c:7119:9:lsm6dsm_sh_spi_sync_error_set	24	static
lsm6dsm_reg.c:7143:9:lsm6dsm_sh_spi_sync_error_get	16	static
lsm6dsm_reg.c:7163:9:lsm6dsm_sh_num_of_dev_connected_set	24	static
lsm6dsm_reg.c:7193:9:lsm6dsm_sh_num_of_dev_connected_get	24	static
lsm6dsm_reg.c:7239:9:lsm6dsm_sh_cfg_write	24	static
lsm6dsm_reg.c:7275:9:lsm6dsm_sh_slv0_cfg_read	24	static
lsm6dsm_reg.c:7318:9:lsm6dsm_sh_slv1_cfg_read	24	static
lsm6dsm_reg.c:7361:9:lsm6dsm_sh_slv2_cfg_read	24	static
lsm6dsm_reg.c:7405:9:lsm6dsm_sh_slv3_cfg_read	24	static
lsm6dsm_reg.c:7446:9:lsm6dsm_sh_slave_0_dec_set	24	static
lsm6dsm_reg.c:7477:9:lsm6dsm_sh_slave_0_dec_get	24	static
lsm6dsm_reg.c:7523:9:lsm6dsm_sh_write_mode_set	24	static
lsm6dsm_reg.c:7555:9:lsm6dsm_sh_write_mode_get	24	static
lsm6dsm_reg.c:7593:9:lsm6dsm_sh_slave_1_dec_set	24	static
lsm6dsm_reg.c:7623:9:lsm6dsm_sh_slave_1_dec_get	24	static
lsm6dsm_reg.c:7667:9:lsm6dsm_sh_slave_2_dec_set	24	static
lsm6dsm_reg.c:7698:9:lsm6dsm_sh_slave_2_dec_get	24	static
lsm6dsm_reg.c:7742:9:lsm6dsm_sh_slave_3_dec_set	24	static
lsm6dsm_reg.c:7773:9:lsm6dsm_sh_slave_3_dec_get	24	static
